// Jest Snapshot v1, https://goo.gl/fbAQLP

exports[`App component should render 1`] = `
<h1>
  Activities Page
</h1>
`;
